[debug] [2026-08-26T09:28:36.494Z] ----------------------------------------------------------------------
[debug] [2026-08-26T09:28:36.495Z] Command:       /Users/anton/.local/share/mise/installs/node/24.19.0/bin/node /Users/anton/.local/share/mise/installs/node/24/bin/firebase init
[debug] [2026-08-26T09:28:36.495Z] CLI Version:   15.28.1
[debug] [2026-08-26T09:28:36.495Z] Platform:      darwin
[debug] [2026-08-26T09:28:36.495Z] Node Version:  v24.19.0
[debug] [2026-08-26T09:28:36.495Z] Detected Agent: unknown
[debug] [2026-08-26T09:28:36.495Z] Time:          Wed Aug 26 2026 12:28:36 GMT+0300 (Eastern European Summer Time)
[debug] [2026-08-26T09:28:36.495Z] ----------------------------------------------------------------------
[debug] 
[info] 
     ######## #### ########  ######## ########     ###     ######  ########
     ##        ##  ##     ## ##       ##     ##  ##   ##  ##       ##
     ######    ##  ########  ######   ########  #########  ######  ######
     ##        ##  ##    ##  ##       ##     ## ##     ##       ## ##
     ##       #### ##     ## ######## ########  ##     ##  ######  ########

You're about to initialize a Firebase project in this directory:

  /Users/anton/work/node/fintech-app

[info] 
=== Project Setup
[info] 
[info] First, let's associate this project directory with a Firebase project.
[info] You can create multiple project aliases by running firebase use --add, 
[info] 
[debug] [2026-08-26T09:31:02.968Z] > command requires scopes: ["email","openid","https://www.googleapis.com/auth/cloudplatformprojects.readonly","https://www.googleapis.com/auth/firebase","https://www.googleapis.com/auth/cloud-platform"]
[debug] [2026-08-26T09:31:02.968Z] > authorizing via signed-in user (anton.sobolevskyi.w@gmail.com)
[debug] [2026-08-26T09:31:02.981Z] Checked if tokens are valid: true, expires at: 1787740105037
[debug] [2026-08-26T09:31:02.981Z] Checked if tokens are valid: true, expires at: 1787740105037
[debug] [2026-08-26T09:31:02.982Z] >>> [apiv2][query] GET https://firebase.googleapis.com/v1beta1/projects pageSize=100
[debug] [2026-08-26T09:31:03.476Z] <<< [apiv2][status] GET https://firebase.googleapis.com/v1beta1/projects 200
[debug] [2026-08-26T09:31:03.476Z] <<< [apiv2][body] GET https://firebase.googleapis.com/v1beta1/projects [omitted]
[info] 
=== Firestore Setup
[info] i  firestore: ensuring required API firestore.googleapis.com is enabled... 
[debug] [2026-08-26T09:31:07.194Z] Checked if tokens are valid: true, expires at: 1787740105037
[debug] [2026-08-26T09:31:07.194Z] Checked if tokens are valid: true, expires at: 1787740105037
[debug] [2026-08-26T09:31:07.196Z] >>> [apiv2][query] GET https://serviceusage.googleapis.com/v1/projects/fintech-app-3aacb/services/firestore.googleapis.com [none]
[debug] [2026-08-26T09:31:07.196Z] >>> [apiv2][(partial)header] GET https://serviceusage.googleapis.com/v1/projects/fintech-app-3aacb/services/firestore.googleapis.com  x-goog-user-project=fintech-app-3aacb
[debug] [2026-08-26T09:31:08.373Z] <<< [apiv2][status] GET https://serviceusage.googleapis.com/v1/projects/fintech-app-3aacb/services/firestore.googleapis.com 200
[debug] [2026-08-26T09:31:08.373Z] <<< [apiv2][body] GET https://serviceusage.googleapis.com/v1/projects/fintech-app-3aacb/services/firestore.googleapis.com [omitted]
[warn] ⚠  firestore: missing required API firestore.googleapis.com. Enabling now... 
[debug] [2026-08-26T09:31:08.374Z] Checked if tokens are valid: true, expires at: 1787740105037
[debug] [2026-08-26T09:31:08.374Z] Checked if tokens are valid: true, expires at: 1787740105037
[debug] [2026-08-26T09:31:08.374Z] >>> [apiv2][query] POST https://serviceusage.googleapis.com/v1/projects/fintech-app-3aacb/services/firestore.googleapis.com:enable [none]
[debug] [2026-08-26T09:31:08.374Z] >>> [apiv2][(partial)header] POST https://serviceusage.googleapis.com/v1/projects/fintech-app-3aacb/services/firestore.googleapis.com:enable  x-goog-user-project=fintech-app-3aacb
[debug] [2026-08-26T09:31:09.612Z] <<< [apiv2][status] POST https://serviceusage.googleapis.com/v1/projects/fintech-app-3aacb/services/firestore.googleapis.com:enable 200
[debug] [2026-08-26T09:31:09.612Z] <<< [apiv2][body] POST https://serviceusage.googleapis.com/v1/projects/fintech-app-3aacb/services/firestore.googleapis.com:enable [omitted]
[debug] [2026-08-26T09:31:19.626Z] Checked if tokens are valid: true, expires at: 1787740105037
[debug] [2026-08-26T09:31:19.627Z] Checked if tokens are valid: true, expires at: 1787740105037
[debug] [2026-08-26T09:31:19.627Z] >>> [apiv2][query] GET https://firestore.googleapis.com/v1/projects/fintech-app-3aacb/databases [none]
[debug] [2026-08-26T09:31:20.228Z] <<< [apiv2][status] GET https://firestore.googleapis.com/v1/projects/fintech-app-3aacb/databases 200
[debug] [2026-08-26T09:31:20.229Z] <<< [apiv2][body] GET https://firestore.googleapis.com/v1/projects/fintech-app-3aacb/databases {}
[debug] [2026-08-26T09:31:20.229Z] Checked if tokens are valid: true, expires at: 1787740105037
[debug] [2026-08-26T09:31:20.229Z] Checked if tokens are valid: true, expires at: 1787740105037
[debug] [2026-08-26T09:31:20.229Z] >>> [apiv2][query] GET https://firestore.googleapis.com/v1/projects/fintech-app-3aacb/locations [none]
[debug] [2026-08-26T09:31:20.437Z] <<< [apiv2][status] GET https://firestore.googleapis.com/v1/projects/fintech-app-3aacb/locations 200
[debug] [2026-08-26T09:31:20.437Z] <<< [apiv2][body] GET https://firestore.googleapis.com/v1/projects/fintech-app-3aacb/locations {"locations":[{"name":"projects/fintech-app-3aacb/locations/eur3","labels":{"appengine.googleapis.com/geo":"europe-west","cloud.googleapis.com/location":"eur3","cloud.googleapis.com/geo":"eur3"},"metadata":{"@type":"type.googleapis.com/google.firestore.admin.v1.LocationMetadata"},"locationId":"eur3","displayName":"Europe"},{"name":"projects/fintech-app-3aacb/locations/nam5","labels":{"appengine.googleapis.com/geo":"us-central","cloud.googleapis.com/location":"nam5","cloud.googleapis.com/geo":"nam5"},"metadata":{"@type":"type.googleapis.com/google.firestore.admin.v1.LocationMetadata"},"locationId":"nam5","displayName":"United States"},{"name":"projects/fintech-app-3aacb/locations/nam7","labels":{"cloud.googleapis.com/location":"nam7","cloud.googleapis.com/geo":"nam7"},"metadata":{"@type":"type.googleapis.com/google.firestore.admin.v1.LocationMetadata"},"locationId":"nam7","displayName":"United States"},{"name":"projects/fintech-app-3aacb/locations/africa-south1","labels":{"cloud.googleapis.com/location":"africa-south1","cloud.googleapis.com/region":"africa-south1"},"metadata":{"@type":"type.googleapis.com/google.firestore.admin.v1.LocationMetadata"},"locationId":"africa-south1","displayName":"Johannesburg"},{"name":"projects/fintech-app-3aacb/locations/asia-east1","labels":{"appengine.googleapis.com/region":"asia-east1","cloud.googleapis.com/location":"asia-east1","cloud.googleapis.com/region":"asia-east1"},"metadata":{"@type":"type.googleapis.com/google.firestore.admin.v1.LocationMetadata"},"locationId":"asia-east1","displayName":"Taiwan"},{"name":"projects/fintech-app-3aacb/locations/asia-east2","labels":{"appengine.googleapis.com/region":"asia-east2","cloud.googleapis.com/location":"asia-east2","cloud.googleapis.com/region":"asia-east2"},"metadata":{"@type":"type.googleapis.com/google.firestore.admin.v1.LocationMetadata"},"locationId":"asia-east2","displayName":"Hong Kong"},{"name":"projects/fintech-app-3aacb/locations/asia-northeast1","labels":{"appengine.googleapis.com/region":"asia-northeast1","cloud.googleapis.com/location":"asia-northeast1","cloud.googleapis.com/region":"asia-northeast1"},"metadata":{"@type":"type.googleapis.com/google.firestore.admin.v1.LocationMetadata"},"locationId":"asia-northeast1","displayName":"Tokyo"},{"name":"projects/fintech-app-3aacb/locations/asia-northeast2","labels":{"appengine.googleapis.com/region":"asia-northeast2","cloud.googleapis.com/location":"asia-northeast2","cloud.googleapis.com/region":"asia-northeast2"},"metadata":{"@type":"type.googleapis.com/google.firestore.admin.v1.LocationMetadata"},"locationId":"asia-northeast2","displayName":"Osaka"},{"name":"projects/fintech-app-3aacb/locations/asia-northeast3","labels":{"appengine.googleapis.com/region":"asia-northeast3","cloud.googleapis.com/location":"asia-northeast3","cloud.googleapis.com/region":"asia-northeast3"},"metadata":{"@type":"type.googleapis.com/google.firestore.admin.v1.LocationMetadata"},"locationId":"asia-northeast3","displayName":"Seoul"},{"name":"projects/fintech-app-3aacb/locations/asia-south1","labels":{"appengine.googleapis.com/region":"asia-south1","cloud.googleapis.com/location":"asia-south1","cloud.googleapis.com/region":"asia-south1"},"metadata":{"@type":"type.googleapis.com/google.firestore.admin.v1.LocationMetadata"},"locationId":"asia-south1","displayName":"Mumbai"},{"name":"projects/fintech-app-3aacb/locations/asia-south2","labels":{"cloud.googleapis.com/location":"asia-south2","cloud.googleapis.com/region":"asia-south2"},"metadata":{"@type":"type.googleapis.com/google.firestore.admin.v1.LocationMetadata"},"locationId":"asia-south2","displayName":"Delhi"},{"name":"projects/fintech-app-3aacb/locations/asia-southeast1","labels":{"appengine.googleapis.com/region":"asia-southeast1","cloud.googleapis.com/location":"asia-southeast1","cloud.googleapis.com/region":"asia-southeast1"},"metadata":{"@type":"type.googleapis.com/google.firestore.admin.v1.LocationMetadata"},"locationId":"asia-southeast1","displayName":"Singapore"},{"name":"projects/fintech-app-3aacb/locations/asia-southeast2","labels":{"appengine.googleapis.com/region":"asia-southeast2","cloud.googleapis.com/location":"asia-southeast2","cloud.googleapis.com/region":"asia-southeast2"},"metadata":{"@type":"type.googleapis.com/google.firestore.admin.v1.LocationMetadata"},"locationId":"asia-southeast2","displayName":"Jakarta"},{"name":"projects/fintech-app-3aacb/locations/asia-southeast3","labels":{"cloud.googleapis.com/location":"asia-southeast3","cloud.googleapis.com/region":"asia-southeast3"},"metadata":{"@type":"type.googleapis.com/google.firestore.admin.v1.LocationMetadata"},"locationId":"asia-southeast3","displayName":"Bangkok"},{"name":"projects/fintech-app-3aacb/locations/australia-southeast1","labels":{"appengine.googleapis.com/region":"australia-southeast1","cloud.googleapis.com/location":"australia-southeast1","cloud.googleapis.com/region":"australia-southeast1"},"metadata":{"@type":"type.googleapis.com/google.firestore.admin.v1.LocationMetadata"},"locationId":"australia-southeast1","displayName":"Sydney"},{"name":"projects/fintech-app-3aacb/locations/australia-southeast2","labels":{"cloud.googleapis.com/location":"australia-southeast2","cloud.googleapis.com/region":"australia-southeast2"},"metadata":{"@type":"type.googleapis.com/google.firestore.admin.v1.LocationMetadata"},"locationId":"australia-southeast2","displayName":"Melbourne"},{"name":"projects/fintech-app-3aacb/locations/europe-central2","labels":{"appengine.googleapis.com/region":"europe-central2","cloud.googleapis.com/location":"europe-central2","cloud.googleapis.com/region":"europe-central2"},"metadata":{"@type":"type.googleapis.com/google.firestore.admin.v1.LocationMetadata"},"locationId":"europe-central2","displayName":"Warsaw"},{"name":"projects/fintech-app-3aacb/locations/europe-north1","labels":{"cloud.googleapis.com/location":"europe-north1","cloud.googleapis.com/region":"europe-north1"},"metadata":{"@type":"type.googleapis.com/google.firestore.admin.v1.LocationMetadata"},"locationId":"europe-north1","displayName":"Finland"},{"name":"projects/fintech-app-3aacb/locations/europe-north2","labels":{"cloud.googleapis.com/location":"europe-north2","cloud.googleapis.com/region":"europe-north2"},"metadata":{"@type":"type.googleapis.com/google.firestore.admin.v1.LocationMetadata"},"locationId":"europe-north2","displayName":"Stockholm"},{"name":"projects/fintech-app-3aacb/locations/europe-southwest1","labels":{"cloud.googleapis.com/location":"europe-southwest1","cloud.googleapis.com/region":"europe-southwest1"},"metadata":{"@type":"type.googleapis.com/google.firestore.admin.v1.LocationMetadata"},"locationId":"europe-southwest1","displayName":"Madrid"},{"name":"projects/fintech-app-3aacb/locations/europe-west1","labels":{"cloud.googleapis.com/location":"europe-west1","cloud.googleapis.com/region":"europe-west1"},"metadata":{"@type":"type.googleapis.com/google.firestore.admin.v1.LocationMetadata"},"locationId":"europe-west1","displayName":"Belgium"},{"name":"projects/fintech-app-3aacb/locations/europe-west10","labels":{"cloud.googleapis.com/location":"europe-west10","cloud.googleapis.com/region":"europe-west10"},"metadata":{"@type":"type.googleapis.com/google.firestore.admin.v1.LocationMetadata"},"locationId":"europe-west10","displayName":"Berlin"},{"name":"projects/fintech-app-3aacb/locations/europe-west12","labels":{"cloud.googleapis.com/location":"europe-west12","cloud.googleapis.com/region":"europe-west12"},"metadata":{"@type":"type.googleapis.com/google.firestore.admin.v1.LocationMetadata"},"locationId":"europe-west12","displayName":"Turin"},{"name":"projects/fintech-app-3aacb/locations/europe-west2","labels":{"appengine.googleapis.com/region":"europe-west2","cloud.googleapis.com/location":"europe-west2","cloud.googleapis.com/region":"europe-west2"},"metadata":{"@type":"type.googleapis.com/google.firestore.admin.v1.LocationMetadata"},"locationId":"europe-west2","displayName":"London"},{"name":"projects/fintech-app-3aacb/locations/europe-west3","labels":{"appengine.googleapis.com/region":"europe-west3","cloud.googleapis.com/location":"europe-west3","cloud.googleapis.com/region":"europe-west3"},"metadata":{"@type":"type.googleapis.com/google.firestore.admin.v1.LocationMetadata"},"locationId":"europe-west3","displayName":"Frankfurt"},{"name":"projects/fintech-app-3aacb/locations/europe-west4","labels":{"cloud.googleapis.com/location":"europe-west4","cloud.googleapis.com/region":"europe-west4"},"metadata":{"@type":"type.googleapis.com/google.firestore.admin.v1.LocationMetadata"},"locationId":"europe-west4","displayName":"Netherlands"},{"name":"projects/fintech-app-3aacb/locations/europe-west6","labels":{"appengine.googleapis.com/region":"europe-west6","cloud.googleapis.com/location":"europe-west6","cloud.googleapis.com/region":"europe-west6"},"metadata":{"@type":"type.googleapis.com/google.firestore.admin.v1.LocationMetadata"},"locationId":"europe-west6","displayName":"Zurich"},{"name":"projects/fintech-app-3aacb/locations/europe-west8","labels":{"cloud.googleapis.com/location":"europe-west8","cloud.googleapis.com/region":"europe-west8"},"metadata":{"@type":"type.googleapis.com/google.firestore.admin.v1.LocationMetadata"},"locationId":"europe-west8","displayName":"Milan"},{"name":"projects/fintech-app-3aacb/locations/europe-west9","labels":{"cloud.googleapis.com/location":"europe-west9","cloud.googleapis.com/region":"europe-west9"},"metadata":{"@type":"type.googleapis.com/google.firestore.admin.v1.LocationMetadata"},"locationId":"europe-west9","displayName":"Paris"},{"name":"projects/fintech-app-3aacb/locations/me-central1","labels":{"cloud.googleapis.com/location":"me-central1","cloud.googleapis.com/region":"me-central1"},"metadata":{"@type":"type.googleapis.com/google.firestore.admin.v1.LocationMetadata"},"locationId":"me-central1","displayName":"Doha"},{"name":"projects/fintech-app-3aacb/locations/me-central2","labels":{"cloud.googleapis.com/location":"me-central2","cloud.googleapis.com/region":"me-central2"},"metadata":{"@type":"type.googleapis.com/google.firestore.admin.v1.LocationMetadata"},"locationId":"me-central2","displayName":"Dammam"},{"name":"projects/fintech-app-3aacb/locations/me-west1","labels":{"cloud.googleapis.com/location":"me-west1","cloud.googleapis.com/region":"me-west1"},"metadata":{"@type":"type.googleapis.com/google.firestore.admin.v1.LocationMetadata"},"locationId":"me-west1","displayName":"Tel Aviv"},{"name":"projects/fintech-app-3aacb/locations/northamerica-northeast1","labels":{"appengine.googleapis.com/region":"northamerica-northeast1","cloud.googleapis.com/location":"northamerica-northeast1","cloud.googleapis.com/region":"northamerica-northeast1"},"metadata":{"@type":"type.googleapis.com/google.firestore.admin.v1.LocationMetadata"},"locationId":"northamerica-northeast1","displayName":"Montréal"},{"name":"projects/fintech-app-3aacb/locations/northamerica-northeast2","labels":{"cloud.googleapis.com/location":"northamerica-northeast2","cloud.googleapis.com/region":"northamerica-northeast2"},"metadata":{"@type":"type.googleapis.com/google.firestore.admin.v1.LocationMetadata"},"locationId":"northamerica-northeast2","displayName":"Toronto"},{"name":"projects/fintech-app-3aacb/locations/northamerica-south1","labels":{"cloud.googleapis.com/location":"northamerica-south1","cloud.googleapis.com/region":"northamerica-south1"},"metadata":{"@type":"type.googleapis.com/google.firestore.admin.v1.LocationMetadata"},"locationId":"northamerica-south1","displayName":"Mexico"},{"name":"projects/fintech-app-3aacb/locations/southamerica-east1","labels":{"appengine.googleapis.com/region":"southamerica-east1","cloud.googleapis.com/location":"southamerica-east1","cloud.googleapis.com/region":"southamerica-east1"},"metadata":{"@type":"type.googleapis.com/google.firestore.admin.v1.LocationMetadata"},"locationId":"southamerica-east1","displayName":"São Paulo"},{"name":"projects/fintech-app-3aacb/locations/southamerica-west1","labels":{"cloud.googleapis.com/location":"southamerica-west1","cloud.googleapis.com/region":"southamerica-west1"},"metadata":{"@type":"type.googleapis.com/google.firestore.admin.v1.LocationMetadata"},"locationId":"southamerica-west1","displayName":"Santiago"},{"name":"projects/fintech-app-3aacb/locations/us-central1","labels":{"cloud.googleapis.com/location":"us-central1","cloud.googleapis.com/region":"us-central1"},"metadata":{"@type":"type.googleapis.com/google.firestore.admin.v1.LocationMetadata"},"locationId":"us-central1","displayName":"Iowa"},{"name":"projects/fintech-app-3aacb/locations/us-east1","labels":{"appengine.googleapis.com/region":"us-east1","cloud.googleapis.com/location":"us-east1","cloud.googleapis.com/region":"us-east1"},"metadata":{"@type":"type.googleapis.com/google.firestore.admin.v1.LocationMetadata"},"locationId":"us-east1","displayName":"South Carolina"},{"name":"projects/fintech-app-3aacb/locations/us-east4","labels":{"appengine.googleapis.com/region":"us-east4","cloud.googleapis.com/location":"us-east4","cloud.googleapis.com/region":"us-east4"},"metadata":{"@type":"type.googleapis.com/google.firestore.admin.v1.LocationMetadata"},"locationId":"us-east4","displayName":"Northern Virginia"},{"name":"projects/fintech-app-3aacb/locations/us-east5","labels":{"cloud.googleapis.com/location":"us-east5","cloud.googleapis.com/region":"us-east5"},"metadata":{"@type":"type.googleapis.com/google.firestore.admin.v1.LocationMetadata"},"locationId":"us-east5","displayName":"Columbus"},{"name":"projects/fintech-app-3aacb/locations/us-south1","labels":{"cloud.googleapis.com/location":"us-south1","cloud.googleapis.com/region":"us-south1"},"metadata":{"@type":"type.googleapis.com/google.firestore.admin.v1.LocationMetadata"},"locationId":"us-south1","displayName":"Dallas"},{"name":"projects/fintech-app-3aacb/locations/us-west1","labels":{"appengine.googleapis.com/region":"us-west1","cloud.googleapis.com/location":"us-west1","cloud.googleapis.com/region":"us-west1"},"metadata":{"@type":"type.googleapis.com/google.firestore.admin.v1.LocationMetadata"},"locationId":"us-west1","displayName":"Oregon"},{"name":"projects/fintech-app-3aacb/locations/us-west2","labels":{"appengine.googleapis.com/region":"us-west2","cloud.googleapis.com/location":"us-west2","cloud.googleapis.com/region":"us-west2"},"metadata":{"@type":"type.googleapis.com/google.firestore.admin.v1.LocationMetadata"},"locationId":"us-west2","displayName":"Los Angeles"},{"name":"projects/fintech-app-3aacb/locations/us-west3","labels":{"appengine.googleapis.com/region":"us-west3","cloud.googleapis.com/location":"us-west3","cloud.googleapis.com/region":"us-west3"},"metadata":{"@type":"type.googleapis.com/google.firestore.admin.v1.LocationMetadata"},"locationId":"us-west3","displayName":"Salt Lake City"},{"name":"projects/fintech-app-3aacb/locations/us-west4","labels":{"appengine.googleapis.com/region":"us-west4","cloud.googleapis.com/location":"us-west4","cloud.googleapis.com/region":"us-west4"},"metadata":{"@type":"type.googleapis.com/google.firestore.admin.v1.LocationMetadata"},"locationId":"us-west4","displayName":"Las Vegas"}]}
[info] 
[info] Firestore Security Rules allow you to define how and when to allow
[info] requests. You can keep these rules in your project directory
[info] and publish them with firebase deploy.
[info] 
[debug] [2026-08-26T09:33:47.157Z] Checked if tokens are valid: true, expires at: 1787740105037
[debug] [2026-08-26T09:33:47.157Z] Checked if tokens are valid: true, expires at: 1787740105037
[debug] [2026-08-26T09:33:47.158Z] >>> [apiv2][query] GET https://firebaserules.googleapis.com/v1/projects/fintech-app-3aacb/releases pageSize=10&pageToken=
[debug] [2026-08-26T09:33:48.004Z] <<< [apiv2][status] GET https://firebaserules.googleapis.com/v1/projects/fintech-app-3aacb/releases 200
[debug] [2026-08-26T09:33:48.004Z] <<< [apiv2][body] GET https://firebaserules.googleapis.com/v1/projects/fintech-app-3aacb/releases {}
[info] 
[info] Firestore indexes allow you to perform complex queries while
[info] maintaining performance that scales with the size of the result
[info] set. You can keep index definitions in your project directory
[info] and publish them with firebase deploy.
[info] 
[debug] [2026-08-26T09:33:54.207Z] Checked if tokens are valid: true, expires at: 1787740105037
[debug] [2026-08-26T09:33:54.207Z] Checked if tokens are valid: true, expires at: 1787740105037
[debug] [2026-08-26T09:33:54.207Z] Checked if tokens are valid: true, expires at: 1787740105037
[debug] [2026-08-26T09:33:54.207Z] Checked if tokens are valid: true, expires at: 1787740105037
[debug] [2026-08-26T09:33:54.207Z] >>> [apiv2][query] GET https://firestore.googleapis.com/v1/projects/fintech-app-3aacb/databases/(default)/collectionGroups/-/indexes [none]
[debug] [2026-08-26T09:33:54.209Z] >>> [apiv2][query] GET https://firestore.googleapis.com/v1/projects/fintech-app-3aacb/databases/(default)/collectionGroups/-/fields?filter=indexConfig.usesAncestorConfig=false OR ttlConfig:* [none]
[debug] [2026-08-26T09:33:54.907Z] <<< [apiv2][status] GET https://firestore.googleapis.com/v1/projects/fintech-app-3aacb/databases/(default)/collectionGroups/-/indexes 404
[debug] [2026-08-26T09:33:54.907Z] <<< [apiv2][body] GET https://firestore.googleapis.com/v1/projects/fintech-app-3aacb/databases/(default)/collectionGroups/-/indexes {"error":{"code":404,"message":"Project 'fintech-app-3aacb' or database '(default)' does not exist.","status":"NOT_FOUND"}}
[info] ✔  Wrote firestore.rules 
[info] ✔  Wrote firestore.indexes.json 
[info] 
=== Functions Setup
[debug] [2026-08-26T09:33:54.911Z] > command requires scopes: ["email","openid","https://www.googleapis.com/auth/cloudplatformprojects.readonly","https://www.googleapis.com/auth/firebase","https://www.googleapis.com/auth/cloud-platform"]
[debug] [2026-08-26T09:33:54.911Z] > authorizing via signed-in user (anton.sobolevskyi.w@gmail.com)
[debug] [2026-08-26T09:33:54.912Z] [iam] checking project fintech-app-3aacb for permissions ["firebase.projects.get"]
[debug] [2026-08-26T09:33:54.913Z] Checked if tokens are valid: true, expires at: 1787740105037
[debug] [2026-08-26T09:33:54.913Z] Checked if tokens are valid: true, expires at: 1787740105037
[debug] [2026-08-26T09:33:54.913Z] >>> [apiv2][query] POST https://cloudresourcemanager.googleapis.com/v1/projects/fintech-app-3aacb:testIamPermissions [none]
[debug] [2026-08-26T09:33:54.913Z] >>> [apiv2][(partial)header] POST https://cloudresourcemanager.googleapis.com/v1/projects/fintech-app-3aacb:testIamPermissions  x-goog-user-project=fintech-app-3aacb
[debug] [2026-08-26T09:33:54.913Z] >>> [apiv2][body] POST https://cloudresourcemanager.googleapis.com/v1/projects/fintech-app-3aacb:testIamPermissions {"permissions":["firebase.projects.get"]}
[debug] [2026-08-26T09:33:55.029Z] <<< [apiv2][status] GET https://firestore.googleapis.com/v1/projects/fintech-app-3aacb/databases/(default)/collectionGroups/-/fields?filter=indexConfig.usesAncestorConfig=false OR ttlConfig:* 404
[debug] [2026-08-26T09:33:55.029Z] <<< [apiv2][body] GET https://firestore.googleapis.com/v1/projects/fintech-app-3aacb/databases/(default)/collectionGroups/-/fields?filter=indexConfig.usesAncestorConfig=false OR ttlConfig:* {"error":{"code":404,"message":"Requested database was not found.","status":"NOT_FOUND"}}
[debug] [2026-08-26T09:33:55.162Z] <<< [apiv2][status] POST https://cloudresourcemanager.googleapis.com/v1/projects/fintech-app-3aacb:testIamPermissions 200
[debug] [2026-08-26T09:33:55.162Z] <<< [apiv2][body] POST https://cloudresourcemanager.googleapis.com/v1/projects/fintech-app-3aacb:testIamPermissions {"permissions":["firebase.projects.get"]}
[debug] [2026-08-26T09:33:55.163Z] Checked if tokens are valid: true, expires at: 1787740105037
[debug] [2026-08-26T09:33:55.163Z] Checked if tokens are valid: true, expires at: 1787740105037
[debug] [2026-08-26T09:33:55.163Z] Checked if tokens are valid: true, expires at: 1787740105037
[debug] [2026-08-26T09:33:55.163Z] Checked if tokens are valid: true, expires at: 1787740105037
[debug] [2026-08-26T09:33:55.163Z] >>> [apiv2][query] GET https://serviceusage.googleapis.com/v1/projects/fintech-app-3aacb/services/cloudfunctions.googleapis.com [none]
[debug] [2026-08-26T09:33:55.163Z] >>> [apiv2][(partial)header] GET https://serviceusage.googleapis.com/v1/projects/fintech-app-3aacb/services/cloudfunctions.googleapis.com  x-goog-user-project=fintech-app-3aacb
[debug] [2026-08-26T09:33:55.164Z] >>> [apiv2][query] GET https://serviceusage.googleapis.com/v1/projects/fintech-app-3aacb/services/runtimeconfig.googleapis.com [none]
[debug] [2026-08-26T09:33:55.164Z] >>> [apiv2][(partial)header] GET https://serviceusage.googleapis.com/v1/projects/fintech-app-3aacb/services/runtimeconfig.googleapis.com  x-goog-user-project=fintech-app-3aacb
[debug] [2026-08-26T09:33:56.198Z] <<< [apiv2][status] GET https://serviceusage.googleapis.com/v1/projects/fintech-app-3aacb/services/cloudfunctions.googleapis.com 200
[debug] [2026-08-26T09:33:56.198Z] <<< [apiv2][body] GET https://serviceusage.googleapis.com/v1/projects/fintech-app-3aacb/services/cloudfunctions.googleapis.com [omitted]
[debug] [2026-08-26T09:33:56.199Z] Checked if tokens are valid: true, expires at: 1787740105037
[debug] [2026-08-26T09:33:56.199Z] Checked if tokens are valid: true, expires at: 1787740105037
[debug] [2026-08-26T09:33:56.199Z] >>> [apiv2][query] POST https://serviceusage.googleapis.com/v1/projects/fintech-app-3aacb/services/cloudfunctions.googleapis.com:enable [none]
[debug] [2026-08-26T09:33:56.199Z] >>> [apiv2][(partial)header] POST https://serviceusage.googleapis.com/v1/projects/fintech-app-3aacb/services/cloudfunctions.googleapis.com:enable  x-goog-user-project=fintech-app-3aacb
[debug] [2026-08-26T09:33:56.200Z] <<< [apiv2][status] GET https://serviceusage.googleapis.com/v1/projects/fintech-app-3aacb/services/runtimeconfig.googleapis.com 200
[debug] [2026-08-26T09:33:56.200Z] <<< [apiv2][body] GET https://serviceusage.googleapis.com/v1/projects/fintech-app-3aacb/services/runtimeconfig.googleapis.com [omitted]
[debug] [2026-08-26T09:33:57.679Z] <<< [apiv2][status] POST https://serviceusage.googleapis.com/v1/projects/fintech-app-3aacb/services/cloudfunctions.googleapis.com:enable 200
[debug] [2026-08-26T09:33:57.680Z] <<< [apiv2][body] POST https://serviceusage.googleapis.com/v1/projects/fintech-app-3aacb/services/cloudfunctions.googleapis.com:enable [omitted]
[info] Let's create a new codebase for your functions.
[info] A directory corresponding to the codebase will be created in your project
[info] with sample code pre-configured.

[info] See https://firebase.google.com/docs/functions/organize-functions for
[info] more information on organizing your functions using codebases.

[info] Functions can be deployed with firebase deploy.

[info] ✔  Wrote functions/.eslintrc.js 
[info] ✔  Wrote functions/tsconfig.dev.json 
[info] ✔  Wrote functions/package.json 
[info] ✔  Wrote functions/tsconfig.json 
[info] ✔  Wrote functions/src/index.ts 
[info] ✔  Wrote functions/.gitignore 
[info] 
=== Hosting Setup
[info] 
[debug] [2026-08-26T09:38:28.546Z] Checked if tokens are valid: true, expires at: 1787740105037
[debug] [2026-08-26T09:38:28.547Z] Checked if tokens are valid: true, expires at: 1787740105037
[debug] [2026-08-26T09:38:28.547Z] >>> [apiv2][query] GET https://firebase.googleapis.com/v1beta1/projects/fintech-app-3aacb [none]
[debug] [2026-08-26T09:38:39.054Z] *** [apiv2] error from fetch(https://firebase.googleapis.com/v1beta1/projects/fintech-app-3aacb, {"headers":{},"method":"GET","signal":{}}): ConnectTimeoutError: Connect Timeout Error (attempted address: firebase.googleapis.com:443, timeout: 10000ms)
[debug] [2026-08-26T09:38:39.055Z] Failed to make request to https://firebase.googleapis.com/v1beta1/projects/fintech-app-3aacb (original: Connect Timeout Error (attempted address: firebase.googleapis.com:443, timeout: 10000ms))
[debug] [2026-08-26T09:38:39.152Z] FirebaseError: Failed to make request to https://firebase.googleapis.com/v1beta1/projects/fintech-app-3aacb
    at RetryOperation._fn (/Users/anton/.local/share/mise/installs/node/24.19.0/lib/node_modules/firebase-tools/lib/apiv2.js:338:31)
    at process.processTicksAndRejections (node:internal/process/task_queues:104:5)
[error] 
[error] Error: Failed to get Firebase project fintech-app-3aacb. Please make sure the project exists and your account has permission to access it.
